{
  "@context" : {
      "gr" : "http://purl.org/goodrelations/v1#" ,
      "pto" : "http://www.productontology.org/id/" ,
      "foaf" : "http://xmlns.com/foaf/0.1/" ,
      "xsd" : "http://www.w3.org/2001/XMLSchema#" ,
      "foaf:page" : {"@type" : "@id" } ,
      "gr:acceptedPaymentMethods" : {"@type" : "@id" } ,
      "gr:hasBusinessFunction" : {"@type" : "@id" } ,
      "gr:hasCurrencyValue" : {"@type" : "xsd:float" }
    } ,
  "@id" : "http://example.org/cars/for-sale#tesla" ,
  "@type" : "gr:Offering" ,
  "gr:acceptedPaymentMethods" : "gr:Cash" ,
  "gr:description" : "Need to sell fast and furiously" ,
  "gr:hasBusinessFunction" : "gr:Sell" ,
  "gr:hasPriceSpecification" : {
      "@id" : "_:b1" ,
      "gr:hasCurrency" : "USD" ,
      "gr:hasCurrencyValue" : "85000"
    } ,
  "gr:includes" : {
      "@id" : "_:b0" ,
      "@type" : [
          "pto:Vehicle" ,
          "gr:Individual"
        ] ,
      "gr:name" : "Tesla Roadster" ,
      "foaf:page" : "http://www.teslamotors.com/roadster"
    } ,
  "gr:name" : "Used Tesla Roadster"
}